LLRLLLRRRLRRRRRLLLLLRLLRLRLRRLRLLRLRRRRLLLLRRLRLL
RLRLLRRLRLLRLLLLRRRLLRLLRRRRLRLLRLRRRRLRLRRLLRR
RRLRLLRRRLLLRLLLRLLLRRLRLRLLLLRRLLLRLRRLLRRRL
LRLLLRRLLLRRLRLLLRRLLRLLLRRRLLRRLRLRRLRRLRR
RRRLLRRLRR
LLLRRRRRRRLRRRLLRRLLLLRRLRLR
RRLLRRRLLLRLLL
LLRLRRLRLRLLLRLLLRRLRLLLLRLRLRRRRLLRRR
RRLRLRRLRRRLLR
RRRRLLRRLLLRRLLLRLRRRRRRRLRRRLRRLLRRLRRLRRRLRLRLLLLLRRLL
LLLLLLRLRRLLRRLRLRRLRRLLRRLRRRRRLLRRLRLRLLRRRRLLR
LRLLLLLRRLRRLRLLLRRLRLR
RRLRLLLLRLRRLRRRRRR
RLRRLLLRRRRRR
LRLRRLLRRLLR
LRRRLLRRRLLRLRRLLLLR
LRLLLRRRLLLLRRRRRLRRRRLRLRRL
RLRRLLLRLRRRRRLLRRLRRRRLLRLLLLRLLLLRL
LRRLLRLLRLRRLRRRLRRRLLRLRR
LLLR
RLLLLLLLRLRLRRRLRLRRRRRLLRRLLLLRLLLRLLLRR
LRLRLRRRLRLLLLLRLRLRLRRRRRLRRLRR
RRRRRLRLRRLLRRRLRLRLLLLRRRRRRRRRLRLLLRRRRRRRLRRLLLLL
LLLRRRRRRRRLRRRRRRLRLLRLLL
L
RRLLRLLRLRLLRRRRRRRRLLLLRRRLLRRRLRRRLRLRRLRRLRLRRRLLRLRR
LRLRLRRLRRLLLLRLRLRRLRRLLLRLLLRRLRLRLR
LRRLRRR
RLRLLLLLLRLLRLRRRL
LRRRLRRRLLLLRRLRLRLLLLLRRRRLRLLRLLRLLLRRLLLR
LLRRLRLLLRRLRLLRR
LRRLLLRLLRRLLRRRLRRLRLLLLLRLR
RLLRR
RLLLLRLRRLR
RLLRLRLLRLLLLRRRRLLRLLLLLLRRRRRLRRRLLLLLRLRRRRRLRLL
LRLRRRLRRRLRRRLRLLLRRRRRLRLLLRRLRLLLRLLLLLLLRLLLRRLLRRLLRRL
RLLLLLLLRRLLLRLRLRLRLLLR
RRRRRRRRRLRLLRRLRRRLLRLRRLLRRLLLRLLLRRRRLL
LLLLLRRRLRRRLRLRRRRRRLLRLLRLRRRRRLLLRRRLRR
RRLLRLLLLRLLLRLRLLLRLRRLRRLLRRLLLLLLRRRRRLLLRLLLRRL
RLRRLRLL
RLRRLRRR
RLLLLLLRLLRRLLLRRRRRRRRRLRRLLLR
LRLLLLLRLRLLLRLRRRLRLLLRLLLLLL
RRLLLLLRLLLLLRLRRLLRLRLLRRLRRLL
LRRRLRRLLLRRLRLRRLRRLRLLLLLR
L
RRRRRLRLRRRLRRLLLRRRRLRRRRRRLRLLL
RLLRRRRLLLRRRRLLRRLRLLRRLR
RLR
RRRRRLLRLRLLRRLRRLRRLLLLRLLLLLLLLRRRLRLLRRRLLLRLLRLRR
LRRRRRRLRLRRLLRRLLLLRLLRLRRLRRLRLRRLLLRLLLLLRRLRLRL
LRLRRLLLLLRRRRLRRLRRLRLLRRRLLLRRRLRRLRLLRLL
RLLLRLLLLLRRLLRLLRRRRLLRLRLLL
RLRRLLRRLLRRLRRLRLLLLRRRRLLLLLLLLRRRLLLLLRLLLLRLRLLR
RRLLRLRLRLRRRRRRLLRRLLRLRRLRRLLLRRRLLLRRRRLLLRRRRRRR
RLLRRLLLRRLLLLRRLRLL
LRLRRLLRRRRRRRRLLLRLLRLLRLL
RRRLRLLRRRRLLRRRLRLLRRRRRLRLLLLRLR
RRLRRLRLLLRLRLRLRLRLLLRRRRLLLRLRLRLRRRLRRRR
R
RRLRLRLRRLLRLRLRLRLRLRLRRRRLLLLLLRRRLLLL
RLLRLRRRLRLRLLLRRLRLLRRLLRRRR
RLRLRRRLLLLRRRRRLRLRLLLR
RLRRRLRRLLLRRLLRRLLRRLRLLLRLLRRRRRLLLLRRLLLLRRRLLLRRRLLLRR
LRRRRLRRRRRL
RLRR
RLLRRRRLLLRLRRRRRLRLLRLRRLRLLLLLLRRRRLRLRRLLRRLRLLLRLRLRLRRR
RLRLRLLRLRRRRRRRLLRRR
RRLLRLRRRRRLLRLRLR
RRLRRRLRLRRRR
RLL
RRRRLRRLLRRLLLRLLRR
LRRLRLLLLLRLRRRRRL
LLLLLRRRLRLLLLLRLLLRLLLLLRLRLRRR
RLRLLRRRRRLLRLLRLRRLRRLRLRLLLLLRR
RLRLLLLRLLRLRRRLRRLLRLLLRRLRRLRLRRRLRLLRRRRLLRLRRLRRLLLL
LLRRRRLRLRLRRLRLLLLRRLLLRRRLLLLLLLLLRLR
RRRRLLLLLLRLRRRLLLLRRRRLRLRRRLLLLLRLLLLLRRRLRRLLLRLLLLLR
LLRLRRLRRLLLRRLRLLLLRLRRLLLRLRLRLRLLRRLRLLLRLLRL
LRLRLLRLLRRLRRRLLRLLRLRLLLLLRLLRLLLRRRLLRL
RLL
LRRRRLLLLRRLRLRLLLLLRL
LLLRLRRRLRLLRLLLRLL
LLRRLLLLRR
RLRRRRRRRLLLRLRRLRLRLLLRLLRLLLLLLLRRRLLLRRRRLRLRLLRLLRRRRRR
LRLRLRLRLLLLRRRLLRLRLRLLLLLRRLLRRLRRLLLRLRRLLLLLLLRR
RRRLRRLLLRRRRLLLLRRRLRL
LRLLRRRLRLL
RRRLRRRRRRLRLLRRLLRLLLR
L
LRRRRLRRLRRRRLRRRRLLRLR
LLRRRLRRLRLRLRLRRRRRLRL
RRLRRRLLRLLRRLRLRRRRRRRRRLLRLLLLRLLRLRLL
LRRRRRLRLRLLLLLRLLRLLLRLRLRRLRRRRLRRRRRLLLLRRLL
RLLLRRRRLLLRLRLRLRLLLRLRRR
RLLRLRRLLRLRRRLRLRLLRRLLRLRRRLLRLRRLLLRLL
LLRRRLRLLLLRRLRLLRLRRRLLLLLR
RRLLRLLRLLRRLLLRLLRRRRRLLRLLLRLLRLRRRLLLRRLRLRLLRLLLLL
LRLRRLRLRLRLLLRRRLLLLLRRLLRLRRRRRLLRLRLRLLLLLRLRLLRR
