DIFFERENT
IDENTICAL
IDENTICAL
DIFFERENT
DIFFERENT
CLOSE
DIFFERENT
DIFFERENT
CLOSE
DIFFERENT
DIFFERENT
DIFFERENT
CLOSE
DIFFERENT
CLOSE
CLOSE
IDENTICAL
IDENTICAL
IDENTICAL
DIFFERENT
DIFFERENT
CLOSE
DIFFERENT
DIFFERENT
CLOSE
CLOSE
DIFFERENT
DIFFERENT
IDENTICAL
IDENTICAL
DIFFERENT
DIFFERENT
DIFFERENT
IDENTICAL
DIFFERENT
IDENTICAL
IDENTICAL
CLOSE
CLOSE
DIFFERENT
CLOSE
DIFFERENT
IDENTICAL
CLOSE
DIFFERENT
DIFFERENT
DIFFERENT
IDENTICAL
DIFFERENT
CLOSE
DIFFERENT
DIFFERENT
DIFFERENT
CLOSE
IDENTICAL
DIFFERENT
DIFFERENT
DIFFERENT
CLOSE
CLOSE
DIFFERENT
CLOSE
CLOSE
DIFFERENT
IDENTICAL
CLOSE
DIFFERENT
DIFFERENT
DIFFERENT
DIFFERENT
DIFFERENT
CLOSE
IDENTICAL
IDENTICAL
CLOSE
DIFFERENT
DIFFERENT
DIFFERENT
DIFFERENT
DIFFERENT
DIFFERENT
DIFFERENT
CLOSE
DIFFERENT
CLOSE
DIFFERENT
CLOSE
DIFFERENT
CLOSE
DIFFERENT
CLOSE
CLOSE
DIFFERENT
DIFFERENT
CLOSE
DIFFERENT
DIFFERENT
DIFFERENT
DIFFERENT
DIFFERENT
