RRLRLRRRRRLLRLRLLRRRRLLLLLRLRRRRRLLLRLRL
RLLLLLLRLLRLLLL
RLRLLRRRRLLRLLRRLRRL
RR
RLRLRLLRLRLLLLRRRLLLLRRRRLRRLLRRLRRLLRLRRLRRLLLR
RRLLLL
RLLRRRLLRLRLRRRRLLRLRLLLRRLLLRLRRLRLLRRLRLRLLRR
LLL
RRLRLLLLRLRLRRLLLRRLRLRLLLLLLRLRLLRLLLLLLRRLRLRRLLLLRLR
LR
LLLLLLRRLLRRRRLRRLLRRLRLLLLLLLLRRRRLRRRRLRLLRRLRRLRL
RRRLRLR
LRRRRRRRLRLLLRRRRRRLLRLLL
RLRRLRLLLLRLLR
LLRRLLLRLLLRLLLRLRRLLRLRLRRRLLLRLRRLRRLLLRRRL
LLRRRLRRLRRRLLLRRLLLRLRLRRRRRLLLLLRL
LLLRLRRRLLLRRRRRLLRLLRLRLLLL
LLLLLLLRLRRRLL
LRLLRLRLLLRLRLRLRLLLRRLLLRRLRRL
LRRLLRR
RLRRLLRRRLLRRRRLRRRLLLLLRLRRRRRRRLRLRRRLLRRRLRRRLLRLRRRLL
LLLLLRLRRRRRLLRRRRRRLRLR
LLRLRRRRRLRRLRLRLLRRRRRRLLLRLRRLRLLLRLLRRRLRRRRL
RRLLLLRLLRRRRRLRRRR
LLLRRRR
LLRLRLRRLLRRRLLLRRRLRRLRRLLRLLRRRRRLLLLRRRLRRLRLRLRRLLRL
RRRRRRLRRLRLRLRRRLRLRLRLLRL
RRLLLLLRRRLLLRRRRRLRRRL
LRLLRRRRLLLLRLLRRLLRLLRRLRRLRRRRLLLRRRR
RLLLRLRLRLRRRLRLLRLRLRLLLRLLLLRLLLRLLRLRRL
LRLRRLLLLLLLLRLRLRRLLLLRRRLRLLRLLLRLLRLRRRRLRLRLLLRLRLLRLRRR
LLLLRRLLLRRRLLRRRLLRLRRLLRLLRRLRRLLRLRRRLLRRLLR
LRLLLRLRLRLLRLLLLRRRLRRLRR
RRRLRLRLL
RLRRRLLRRRRRRLRRRLLLLRLLRLLR
RRLLRLLRLRLLL
LRLLRRLRLRLRLRLLRLR
RLRRLRLRRLRLRRLLRLRLLLLLLRRLLLLRRRLLLR
RRLLRLRLRRLRRRLLRLRRLRRLRLLLLRLLRRLLLRRRRRR
LRLRRLLRLLRLRLRRR
LLLLLRLRRRLLRLRLLRLLLLRLLLRRRLRRRLRRLRLRL
RLRRRLLLRLLLLLRLRRLLRLRRLLRLRLLLRLLRRRRRL
LLRLRRRRLRRLLLLLLLRRRLLRLLRLLRRRLLRLLRRLRLRRRRRRRLLRL
RRRLRRLRLLRLR
LRRLRRLRRLRRLRLRRLLRRLRRLRLRLLLLLLLLRLLRRRRRRRLLLRLLRLRLLLLL
RLLLLLRLLLLLLRLLLR
RLLRLLLLRLLRRRRLRRLRRLRRLRRLRRRRRR
LRRRLLRLRRLRLRRRLRRLRLRRLRRLRLRRRLLLRLL
LRLLLRLRRLRRRRRRRRRRRRLRLRRRRRRLL
LRLRRRRRLRRRLRLRRLLLRRLRRRRLLLRLLLLLRRRLRL
RLLRRLRLRRLLLLRLRLLRLRRLLRRLRLRRRLLLLRLRRRRRLLRLLRL
LLRLLRLRLRLLLRRRRRLLRRRLLLLRLRRLRRLLRRRRRRRLLRRLLLRLLRR
LRRLLRLLRRLRLLRRRRRLRLLRRLLLRR
RRLLRRRRLLRRLRLRLRLRLLLLLRLRLLRLRRLL
LLLL
RLRRRLRLRLLLLRLRRRLLRLRLLLRLRLLRLLRRRLRRRRRRRRLLR
LRLRLRLLLLRLRLLLRRLRRLLRRLLLLLRL
LLLRRLLLRLRRLRRRLRLLRLRRLRRLLRLLRRLLRRLLLLLLLR
LRLRLRRLLRLRLLRRRRLRRL
RRLRLLRLRLLRLRRRLRLRRRLLLRRLLRRLLRRLRLLRRRRLRRLLLLRLLLLLLR
LLRRRR
RRLLLR
LRRLRRRRRLLRRRRRLLLLLRRRRRLRRLLRRRRLLRLLR
LRRRLRRRRRRRRRRLLRRLLLLRRRRLRRRRLRRLRLLLRR
RLRLRLRLRRRLLRLLLRRRLRLLRRRRRRLLLLRLLLRRL
LRLLRRRLLRLLLLLRLLLRLRLRLLRRRRLRLRLRLLRLLRL
RRRRRLRRRRLLRLLLLR
RRLLLRRRRRRLRRLRLRR
R
LRLLR
LRLLRRRRLRLLRLRRRLRLLRLRRRLRLRLLLL
RRRRLRR
RLLLLLRRRLLLLLRLLLLRRLLLLLRRR
LLR
RRRRLLRLLRRLRRLLRLRRRLRLRRRRRRRLLRRRRRLRRLRRLLRLRL
RLLLRLLLLRLRRLRLLRRRRLRLRRLRRLLRLRLLRLRLLLLRRRRLL
LLLRRRLLRRRLLRRRLLRLLRLLRRLLLRLRRRRRRLRRLLRLRLLRLRLR
LRLR
RLLRRRRRLLLLRRLRLLLRRLLRLRLLRRLR
LLLLRRRL
LRRLLRLRLLRLLRRRLRRLLLRRLLLRLRLL
RLRRRRLLRRLLRRRLLRLLRLRLLRLLLLRRLRRLRRRLL
RRLLLRLLLLLLRRLLRRLRLRRRLRRLLLLLRRLRRLRLLRLRRRLRRRLLR
LLR
LLRRRRRLRLLLRLRLLRLRLRRRLRRLRLRLLLRRRLLRLRLLLRLRLLLRLLRRLRLL
LLLLLRRRLLRRLRL
LLRLLLRRLLRRRRLRRRRLRLLRRRLR
RRLRLRLRRLLLRLLLLRRLLRRRLLLRLLRRRRLRRRRRLRRLLLLLLRLRLR
LLRRLLLLRRRRRLLRLRLRLRLRLRRRLLL
LRRRRRLRLRRLRRLRRLRRLRRRRLRRLRRRLRLLLLRRRLLRRRRLRLLLLLRLL
RRRRLRRRRRRRLLRRRLRLLL
RLLLLLLLRLLRLLLL
RRLRRRRLRLLRLR
LLLRRLRLLLRRLRLLRRRLLLRRLLRLLRLL
RRRRLRRRL
RLRRLR
LRRLRLLRLLRRLLLRLRRRLLRRRRRRLRRR
LRRRRRLRLLRRLRLLLLLLRLLLRLLR
RLLLLRRRRRLRRLLRL
RLRRRRLLLRLLLRLRRRLRL
