RRRLRLRRR
LRLLRLRLLRLLRLLRRLLLRRRR
RRRRLLRLLRRLRRLRLLLRLLLRRLLLLRRRRRLLLLLLLRLLLRRRRLRL
RLRRRRLRLRRLRRRLRLLLLRLLLRLLLLLRLRLRLLLL
LRLLRRLLRLLLRRLLRRRRLRLRRLRRRLRLLLRLLLR
LLRRRRLRRRLLRRLRRLRRLRLRRLLRLRRRRRLRLRR
RLLRLRRRRRL
LRRLRRRLLLLLRRLLRRRRLLRLLRRLLRLRRLLLRRRLRRR
LLRLRRLLLLRLLRRRRLRRLRRLLRLLRRRRLRRRRLLLRLRRRRLLRLRRRR
RLRRLRLLRLRRLLRRLLRLRLRLLLLRLRLLRLR
LLRLLRLRRRRLRRLR
LLLRLLLR
L
LRRLRRLLRRLLLRLRLLRLLRLLRLRLLLRLRRRRL
RRLLLRLLRRLRLLRLLLRRRRRLRRLRRL
RLLLLRLRRLRLLLLLRRLLLLRRRRLLLLLLRLRLRRRRRRRRRLRLLLRR
RRLLLLRLLRLLRRRLRRRLLRLLRRLLLRLRRRRLRLLLLRL
LRLRLLLRRLRLRRLRRRLLLLRLRRRLLLLRLLLLLLLRRRRRRLRRRRLR
LRLRLRR
LRRRRR
RRRRLLLRRRRLLRLLL
RRLL
RRLRRLRLLRRRLLLRLRLLRRRLLLRRLRLL
LLLLRRLRRLLRLRLRLLRLRLRRRLLRRLLLRRLRRLLL
RRRLLLRLRRRLRLRRLRRRRLLRLRRRLRRRRLLLRLLRLRRRLRLLRR
RLLLLRRRLRRRRLLRRLRLRLRLRLRLRLLRRRLRLLRRLRR
RLRRLLRLR
LL
L
LRLLLLLLLRRRRRRLLRRLRRLRLRRRRLRRRLLRRRLLL
RRLLLLRLLLRLLRLLLRRRRLRLLLLR
RRRRLLLLLRRRLLLRLRLLLRRLLRLLRRLLLLLRRLRLRRRLL
LRLLRLRRLRLLRRLRLLRLLLRRLLLLLRLRLRRLRRL
LLLRLRRRLLRLLLRLRLL
LRLLLLRLRLRRRLLRRLRLLLRLRLLLLRLRLLRLLLLRRLLLRRRRLLLL
LRLRRLLRLRRRLLRLLLRLLRRRLLLLLRRLLRLRR
RRLLLRLLLLRRLRLLLLRRRLRRLRRLLLLRRLLRRRLLLLLLRLRLLRRLRRRR
RLRLLRLLRLRLLLLRRLLLRLRLLRRRLLRRLLRLLLLLLLLRLRRRLRLLRRRRRRL
LRRLRRRRRLRRLLRRRRLRLRLLLLLLRLR
LLLLLRLLLRRRLRRRRRRRLRRLRRLRRL
RRRLRLLRLRLRLRRRRRL
RLRRRLLLRRRRRLLRRLRLLRR
RLLLRRRRRLRRLLLLLL
LLRLLLLRLLLRRLRRRR
RLRLRRLLRLRRL
LRLLLLRLLLRRLLRLRRLLRRRRRLLL
LRRLRLRRLRRLRRLRLLLRLLRLRLRRRRLRLRLLLLLRL
LLRRLRRRLLLLLRRR
RLLLLRLRRLLRLRRLRLRRRLLRLRLLLRRLLRRLLR
LLRRRLRLRRRRRRRRRLRRR
RRRLLLLRRRRLLRRLRRRLLLLLRLLRRLL
LLLRLRLLRLLLRLRRLLLRRRRLRLLRLRRRRL
RRLLLRLLRLRLLRRLLRRLLLLRRLRRLLLLLLLRRLLLRLRLRLLRRRLRLRLLRLRR
RRLRLLLRLL
LLLRLRLLRRLLLRLLRRRLRLRLLRRLRLRLLLLRLRRRRLRRRLLRRRLLRRRRLL
LRLLLRRRRLLRRLRLRLRRLLRLLRLRLLRRLRRRRRLR
LLLLRRRR
LLLRRRLLLRLRRRLLRLRRRLRRLRLRLLRRRLRRLRRLRLRLLR
RLLLLLRRLRLLRLLRRRL
LLLLRRRRLRLRLLRLLRRLRLRLLLRLRRRRLRRLRRRLRRRLLL
RLLRRRLRRRLLRLLRR
RRLLLRLRLRRLRLLLLRRLLLRLRRLRLLLRLRRL
LRRRRLRRLRRRLLLLRRLLLLRRRLRLLLLLRRRLRLRRRRLRRR
LLLRLLLRLRLLRLRRRLRRLRRRRRRLR
LLRRLLLLRLLLRRRR
LRLLRLLRRRRRLLLRLLR
LLRRRRLRLRRRLLRLRLRLRRRLL
RLRRLLLRLRRRLLRLRR
LRLRLR
RLRLLLRLRRLRRRRLLLLLLRLRLRLRRRRLLRLLRRLRRLR
LLRRRRRRLLLLRLRRRLLRRRRRRRLLRR
RLRRLLLRLLRLRLRLLRL
LLRRLLRRLL
LLLLLRRLRLRRLLLRRRRRRRLLRLRLRRRRLRRLLRLRRRR
LLRRLLLRLLRRLLLLRRLLLRRRRRRRLLRLLLRLLLLRRLRLLLRRRR
LLRLLLRLLRRRLLRLRL
RRLLRLRLLLRRLLLRLR
RRRLLRLRRLRLLRLRRRRLLLLRRLLLLRRRLRLLRR
RRRLLLRRRRL
RRLRRRRLLLLLLLRRLRLLRLRRLLLRRL
LRLRLRRRRRLLRRRRRRRLLLLLRRRRLLRRLLRRRLLRLRLRRLRRL
LRRRLLLRLRLLLLRRRRLLRLRRRLRLLLRRLLLRLRRRRRLLLLLRRL
RRRRRRRRRLRRRLLRLRRR
RLRRRLRLLLLLRRLLRLRRRRRLLLRLRLRRRRRRRLLRRR
RLRLRRLLRRLLRRLRRRRLRLLLLLLLLLRRRRLLRLRLRLRRRRLRRLLRRLLRR
RLRRLRRRRR
RRRRLL
RRLLRLRRLLRRLLRLLRLRRLLRLRLLLLRRLRLRRLLLRLRRLLLLLLLLRLLL
LLRLLLRRRLRLRLRLLRRLRRRLLLRRLLLRRLRLLLLLRLRLLRLRRRLRRRRLLRLL
RLLRLLRLLLLLRLRR
RRLLRRLRLLRRLRLRLRRRRRLRRRRL
LLLRLLLLLRL
LRRLLRLLRLLRRRLR
LRLRLLRRRRRRLLRRRRRLRLLRRLLLRLLLLRLLRRRRLLRRRRR
RLRLRLL
RR
RLRLRRLLRRRRLLRRLLLRLLLLRLRLRRRRLLR
LLLRL
RLRRLLRLRLRLLLRLLRRLLRLLLLRLLLLLLLRRLLLLLLRLRL
RRRRRLLRLLLRRRRLRRRLRLLLLLLRL
