LLLRLRRLRRRRRLLRLRLLRRRLRRRRLLLLLLRRRLRRLLLLRRLL
RLLRRRRLLLLLRLRLRRRLRRLLRRLRLRRL
LLLLLLLLLRRLRLLRRRLLL
LRRRRLRRRRRLLLRLLLRLLRRRLLLLRLLLLLRLLRLRLRRRLRRRLLLLRLLLL
LLLLLLLLLLRRLLLLRLLLLRRLRLRRRLRRRRRRLRLLRRLLRRLL
RRLLRRRRLRRLLLRLRRLRRLRLRLR
LLLRRRRLLLRLLRRLRLRRRLRLLRRRRRRRLLRLRLLLLLLRLRLL
RRRLRLLRLRRRR
RRLRLLLLLLLLLLLLLLLLRRRLLRLRLLLRLLRLLRRRLRLLRRLRRRRRRRLRLLL
LLRRLLRRLLRLRLLLRRLLRLRLLLLRLRRRRRRRRLLLLRRRLLLLRRR
LRRRLLLLRLLRRRLLRLR
RLRRRRLLLRRRRLRRRLLLRRRLRLLRLRRLL
RRLRRLRLL
RRRRLLRLLLRLRRRRLRRLRLLRRLRLRRLLRRRRRLLRLRRLRLLLRRRRLL
RLRRLLRLLLRLLRRLRRRRLLRLLLLRRRRRLLLLRLLRRLR
LRLLLRLLRLLRRLLLLRLLRLLLLRLLRLLLRLL
RLLR
RRRRLRLRRLRLLRLL
LLLLLRRLLRLLRLRRLRRRRLR
RLRRLLRRRLLLLLLRLRRLLLLRLLRLLLLLRRRLLRLRRLR
LLLLLL
LRRLLRLRRRRRLRRRLLRLLRR
LRLRLLRRRRLRLRLRRLLLLRRLLLLRLRRLLRLLRRR
RLRRLRLLLLRRLRLRR
LRRRLLLLLRRRLRRRLRRLRLLLRLRR
RRLRRRRRRLLLLRRLRLRLLRRRLRRLLRLRLLLLLLRLRLLLRRRLRRLLLR
LLLLRRLLRLLLLLLRLLLRRRRLRRLLRLLLLLLLLLRRLLLRLLRLLLRRRRLR
RRRRLLRRRLLRRRRLRRLRRRRRLRLRLLLRL
LRLLLLRRLLLLLLLLRLLRRRRRRRLRRRLRLLRLRLLRRL
LLLRRRRLRRLRLRRRRRLRRRLLLRRLRLRLRRRRRLRLRRRLRLRRLRRL
R
RRRLLRRRLLRRRRLLRLLRLLLLLLLLLLLLLLLLLRRL
LLRLRRRLLLRRLRRRRLRLRRLRLRLLLRLLRLRLRLRLRLLRRLL
RRRRRLLRLLRRLRR
RRRRLRLLLLRLRLRR
RLRRRLLLRLL
LLRLLRRLLLLRLRRRRLRRLRLLLRRLRRLRRLRRLRRLLRRRLRLRLRRRLLRRLRL
LLRLRLRLLLLRRRRLRLLRRRRLRLRLRRRRRRLLRRRRRLLLRRLLRRRR
LRRRRRLLRRLRRRLLRRLRRLLRR
RLLLLLRRRLRLRRLRRLRRRL
LLRRLLLLLLLRLLLRRLRLLL
LRLLRRRRLLRRRLRRLRLRLRLLLRLRRLRLLRLRRRRRLLLRRRLLRLLRRLLRRRRR
LLRRLR
RRRLRL
LLRRLRLLLRRRRRL
LLRRRLLLLLRRRRRRRRL
LLLRRLRRLLLRLRLLLLRRLLLRRLRL
LRRRLRLLLRLLLRRRRLRLRLRRLRRRLLL
RLLLLRRLRLLLRLLRRLLLLLLRLRLRRLRLLRRRRLRRRRLLLLL
RLLLRLRLLLLRLLRRLLLRRRRRRRLRLLLLRRLR
LLRLRRRRRRRLLLRRRRRLRLRLRLRRLLRR
LLRRRLRLLRLLRRLRLRRRLLRLLLLRRLLRRRRRLRLLLRLLRRRLRR
LRLRRLRLLRLLRRLLLLRRRLLRLLLRRRR
LLLRLLLLRLRRLLLLLRLLLRRRRRRRLLRRLLRRRRRRRRLLLR
R
RRLRRLLRRRLLRRRLLRRRLRLLRRLRLLL
RLLRRRLLLLRLRLRLRLLR
LLLRLRLRRLLRRRRLLLR
RRRLLRRLRRLRLRLLRRRRLLR
LLRRRLL
LRR
RLRLL
RLLLL
LRLLRRLLRRRLRLLLRRRLRRRLRLRRLLRRRRLLLL
LL
LRRRLLLRRLRRRRRLRLLRLLRRRLRLRLLRRRRRLRR
RR
RRLRRRLLRLRLRRRLLRLRLLL
RRRRRRRRRRLL
LRLLRLRRRRLRRLRLLRRRLRRRLLRRRLRLRRLLLLLLRLRLR
RLRRRLRRRLLRRL
LLRLRLRLLLLRLRRLRLLLRRRRRRRRLL
LR
LLLRLLRLLLRRLLRRRLLRLRLRLLLRRLLRLRLRRRLRL
RLRRLRRLRLRLRRLLLLLRLLLRLRLRRRRLLLLLRLRRRR
R
RRRRLLRLRLLRRRRLLLRRL
RRLLLRLLLRLLRLRLLRRLRLLRRRLLLRLRRRLRLLLRR
LLRLRRLLRLLRLLLLRRRRLLLRLLLLLRRLLLLRRLLLRLLRRRLRRLLRRL
LRLRLRRRRRLRLLRRLLRLL
LLLLLRRLRLRRLRRLLLRRR
RRLLLRLLRLRLRRRLRRRRRLRLRLR
LRLLRLLRRLLRLLRRRLRRRRRRRLLLLLR
RRRLRRRRLLLRLRRLLRLLLLLL
RRRRRLLRRLRRRRLLRLRLL
RRRLLRRRLRRLRRLLRRLLLRRRLR
RLLRRRRRRRLRRLRLRRL
RLLRLLLLLRRLLLRLLLRLLLRRRRRLLRLRLLLLRRLLLRLRRLRLLLL
RRLRR
RRRLRRLRLLLRLRRLRRLLRLRRRRRRLLLRRRRLLLRLRL
LRLRLRR
RRLLLRLRL
RLLLRR
LLRLL
RLLRLLLRLLRLL
LRLRLRLLLRRLLRRLRRRRRLRLLLRRRLLRRRRLLLR
RRRLLRLLLLRLLLRLRRLLRRRLLRLRLLLLLLLRLRRRRLRRLRRLRRRRRLRR
LLLRRLLLLLLRRLLRRR
RLRRRRRRRLLLLRRLRLRRLRLRRRRLRRRLLL
RLRRLRRRLRRLLLLLLR
